------------------------------------------------------------
TimeQuest Timing Analyzer Summary
------------------------------------------------------------

Type  : Slow Model Setup 'clk'
Slack : -11.670
TNS   : -101.828

Type  : Slow Model Setup 'freq_divider:inst1|counter:freq_div1|W[0]'
Slack : -3.406
TNS   : -57.135

Type  : Slow Model Hold 'clk'
Slack : -2.155
TNS   : -16.355

Type  : Slow Model Hold 'freq_divider:inst1|counter:freq_div1|W[0]'
Slack : 0.445
TNS   : 0.000

Type  : Slow Model Minimum Pulse Width 'clk'
Slack : -2.064
TNS   : -123.131

Type  : Slow Model Minimum Pulse Width 'freq_divider:inst1|counter:freq_div1|W[0]'
Slack : -0.611
TNS   : -41.548

Type  : Fast Model Setup 'clk'
Slack : -3.493
TNS   : -17.359

Type  : Fast Model Setup 'freq_divider:inst1|counter:freq_div1|W[0]'
Slack : -1.282
TNS   : -7.985

Type  : Fast Model Hold 'clk'
Slack : -1.568
TNS   : -9.948

Type  : Fast Model Hold 'freq_divider:inst1|counter:freq_div1|W[0]'
Slack : 0.215
TNS   : 0.000

Type  : Fast Model Minimum Pulse Width 'clk'
Slack : -1.627
TNS   : -98.698

Type  : Fast Model Minimum Pulse Width 'freq_divider:inst1|counter:freq_div1|W[0]'
Slack : -0.500
TNS   : -34.000

------------------------------------------------------------
